Microchip MPLAB XC8 Compiler V2.36

Linker command line:

-W-3 --edf=G:\Program Files\Microchip\xc8\v2.36\pic\dat\en_msgs.txt -cn \
  -h+dist/default/production\proyecto1.8.X.production.sym \
  --cmf=dist/default/production\proyecto1.8.X.production.cmf -z -Q18F4550 \
  -oC:\Users\PC\AppData\Local\Temp\xcAsn54.4 --defsym=__MPLAB_BUILD=1 \
  -Mdist/default/production/proyecto1.8.X.production.map \
  --md=C:\Users\PC\AppData\Local\Temp\xcAsn54.dat -E1 -ver=XC8 Compiler \
  --acfsm=1493 -ACODE=00h-07FFFh -ACONST=00h-07FFFh \
  -ASMALLCONST=0800h-08FFhx120 -AMEDIUMCONST=0800h-07FFFh -ACOMRAM=01h-05Fh \
  -AABS1=00h-07FFh -ABIGRAM=01h-07FFh -ARAM=060h-0FFh,0100h-01FFhx7 \
  -ABANK0=060h-0FFh -ABANK1=0100h-01FFh -ABANK2=0200h-02FFh \
  -ABANK3=0300h-03FFh -ABANK4=0400h-04FFh -ABANK5=0500h-05FFh \
  -ABANK6=0600h-06FFh -ABANK7=0700h-07FFh -ASFR=0F60h-0FFFh \
  -ABIGSFR=0F60h-0FFFh -ACONFIG=0300000h-030000Dh -AIDLOC=0200000h-0200007h \
  -AEEDATA=0F00000h-0F000FFh -peeprom_data=EEDATA \
  -preset_vec=00h,intcode,intcodelo,powerup,init -pramtop=0800h \
  -psmallconst=SMALLCONST -pmediumconst=MEDIUMCONST -pconst=CONST \
  -AFARRAM=00h-00h \
  -prdata=COMRAM,nvrram=COMRAM,nvbit=COMRAM,rbss=COMRAM,rbit=COMRAM \
  -pfarbss=FARRAM,fardata=FARRAM,nvFARRAM=FARRAM \
  -pintsave_regs=BIGRAM,bigbss=BIGRAM,bigdata=BIGRAM -pbss=RAM \
  -pidata=CODE,irdata=CODE,ibigdata=CODE,ifardata=CODE -prparam=COMRAM \
  C:\Users\PC\AppData\Local\Temp\xcAsn54.o \
  dist/default/production\proyecto1.8.X.production.o 

Object code version is 3.11

Machine type is 18F4550



                Name                               Link     Load   Length Selector   Space Scale
C:\Users\PC\AppData\Local\Temp\xcAsn54.o
                idloc                            200000   200000        8        0       5
                config                           300000   300000        E        0       4
                init                                  0        0        4        0       0
dist/default/production\proyecto1.8.X.production.o
                idloc                            200000   200000        8        0       5
                config                           300000   300000        E        0       4
                smallconst                          800      800       3C      400       0
                text31                             1D2C     1D2C        8      41E       0
                text30                             18EA     18EA       56      41E       0
                text29                             1436     1436      114      41E       0
                text28                             1A80     1A80       4E      41E       0
                text27                             1A32     1A32       4E      41E       0
                text26                             1C70     1C70       2C      41E       0
                text25                             188E     188E       5C      41E       0
                text24                             1D0C     1D0C       20      41E       0
                text23                             1B92     1B92       3E      41E       0
                text22                             19E2     19E2       50      41E       0
                text21                             1C3C     1C3C       34      41E       0
                text20                             1C9C     1C9C       2A      41E       0
                text19                             1992     1992       50      41E       0
                text18                             1830     1830       5E      41E       0
                text17                             1B52     1B52       40      41E       0
                text16                              D66      D66      230      41E       0
                text15                             16DA     16DA       7E      41E       0
                text14                             1CC6     1CC6       26      41E       0
                text13                             1758     1758       76      41E       0
                text12                             114A     114A      188      41E       0
                text11                             12D2     12D2      164      41E       0
                text10                             1B12     1B12       40      41E       0
                text9                              1D34     1D34        2      41E       0
                text8                              154A     154A       CA      41E       0
                text7                              1ACE     1ACE       44      41E       0
                text6                              1C06     1C06       36      41E       0
                text5                              1614     1614       C6      41E       0
                text4                               83C      83C      2E2      41E       0
                text3                               F96      F96      1B4      41E       0
                text2                              17CE     17CE       62      41E       0
                text1                              1940     1940       52      41E       0
                text0                               B1E      B1E      248      41E       0
                cstackCOMRAM                          1        1       5F        1       1
                cstackBANK0                          8B       8B       24       60       1
                dataBANK0                            AF       AF       20       60       1
                bssBANK0                             60       60       2B       60       1
                cinit                              1BD0     1BD0       36      41E       0
                idataBANK0                         1CEC     1CEC       20      41E       0

TOTAL           Name                               Link     Load   Length     Space
        CLASS   CODE           
                init                                  0        0        4         0
                text31                             1D2C     1D2C        8         0
                text30                             18EA     18EA       56         0
                text29                             1436     1436      114         0
                text28                             1A80     1A80       4E         0
                text27                             1A32     1A32       4E         0
                text26                             1C70     1C70       2C         0
                text25                             188E     188E       5C         0
                text24                             1D0C     1D0C       20         0
                text23                             1B92     1B92       3E         0
                text22                             19E2     19E2       50         0
                text21                             1C3C     1C3C       34         0
                text20                             1C9C     1C9C       2A         0
                text19                             1992     1992       50         0
                text18                             1830     1830       5E         0
                text17                             1B52     1B52       40         0
                text16                              D66      D66      230         0
                text15                             16DA     16DA       7E         0
                text14                             1CC6     1CC6       26         0
                text13                             1758     1758       76         0
                text12                             114A     114A      188         0
                text11                             12D2     12D2      164         0
                text10                             1B12     1B12       40         0
                text9                              1D34     1D34        2         0
                text8                              154A     154A       CA         0
                text7                              1ACE     1ACE       44         0
                text6                              1C06     1C06       36         0
                text5                              1614     1614       C6         0
                text4                               83C      83C      2E2         0
                text3                               F96      F96      1B4         0
                text2                              17CE     17CE       62         0
                text1                              1940     1940       52         0
                text0                               B1E      B1E      248         0
                cinit                              1BD0     1BD0       36         0
                idataBANK0                         1CEC     1CEC       20         0

        CLASS   CONST          

        CLASS   SMALLCONST     
                smallconst                          800      800       3C         0

        CLASS   MEDIUMCONST    

        CLASS   COMRAM         
                cstackCOMRAM                          1        1       5F         1

        CLASS   ABS1           

        CLASS   BIGRAM         

        CLASS   RAM            

        CLASS   BANK0          
                cstackBANK0                          8B       8B       24         1
                dataBANK0                            AF       AF       20         1
                bssBANK0                             60       60       2B         1

        CLASS   BANK1          

        CLASS   BANK2          

        CLASS   BANK3          

        CLASS   BANK4          

        CLASS   BANK5          

        CLASS   BANK6          

        CLASS   BANK7          

        CLASS   SFR            

        CLASS   BIGSFR         

        CLASS   CONFIG         
                config                           300000   300000        E         4

        CLASS   IDLOC          
                idloc                            200000   200000        8         5

        CLASS   EEDATA         

        CLASS   FARRAM         

        CLASS   HEAP           

        CLASS   STACK          



SEGMENTS        Name                           Load    Length   Top    Selector   Space  Class

                reset_vec                      000000  000004  000004         0       0  CODE    
                cstackCOMRAM                   000001  00005F  000060         1       1  COMRAM  
                bssBANK0                       000060  00006F  0000CF        60       1  BANK0   
                smallconst                     000800  00003C  00083C       400       0  SMALLCON
                text4                          00083C  0014FA  001D36       41E       0  CODE    


UNUSED ADDRESS RANGES

        Name                Unused          Largest block    Delta
        BANK0            0000CF-0000FF               31
        BANK1            000100-0001FF              100
        BANK2            000200-0002FF              100
        BANK3            000300-0003FF              100
        BANK4            000400-0004FF              100
        BANK5            000500-0005FF              100
        BANK6            000600-0006FF              100
        BANK7            000700-0007FF              100
        BIGRAM           0000CF-0007FF              731
        BIGSFR           000F60-000FFF               A0
        CODE             000004-0007FF              7FC
                         001D36-007FFF             62CA
        CONST            000004-0007FF              7FC
                         001D36-007FFF             62CA
        EEDATA           F00000-F000FF              100
        MEDIUMCONST      001D36-007FFF             62CA
        RAM              0000CF-0007FF              100
        SFR              000F60-000FFF               A0
        SMALLCONST       001D36-007FFF              100

                                  Symbol Table

?_TemperaturaDigitada              cstackCOMRAM 000007
?___aodiv                          cstackCOMRAM 000001
?___aomod                          cstackCOMRAM 000001
?___wmul                           cstackCOMRAM 000001
?_abs                              cstackCOMRAM 000013
?_dtoa                             cstackCOMRAM 00001C
?_pad                              cstackCOMRAM 000011
?_sprintf                          cstackCOMRAM 000058
?_strlen                           cstackCOMRAM 000001
?_vfpfcnvrt                        cstackCOMRAM 000040
?_vfprintf                         cstackCOMRAM 000050
CompararTempe@HumActual            cstackCOMRAM 000005
CompararTempe@HumDigitada          cstackCOMRAM 000009
CompararTempe@HumedadAdecuada      cstackCOMRAM 000013
CompararTempe@TempActual           cstackCOMRAM 000003
CompararTempe@TempDigitada         cstackCOMRAM 000007
CompararTempe@TemperaturaAdecuada  cstackCOMRAM 000012
ControlAspersor@HumedadActual      cstackCOMRAM 000001
ControlAspersor@HumedadDigitada    cstackCOMRAM 000003
ControlCalefactor@TempActual       cstackCOMRAM 000001
ControlCalefactor@TempDigitada     cstackCOMRAM 000003
DHT11_ReadData@data                cstackCOMRAM 000002
DHT11_ReadData@i                   cstackCOMRAM 000001
DatoSensorTH@Datos                 cstackCOMRAM 000003
DatoSensorTH@RH_Integral           cstackCOMRAM 000005
DatoSensorTH@T_Integral            cstackCOMRAM 000006
IniciarLed@HumedadOptima           cstackCOMRAM 000001
IniciarLed@TemperaturaOptima       cstackCOMRAM 000002
LCD_Char@dat                       cstackCOMRAM 000002
LCD_Command@cmd                    cstackCOMRAM 000002
LCD_String@msg                     cstackCOMRAM 000003
LCD_String_xy@location             cstackCOMRAM 000009
LCD_String_xy@msg                  cstackCOMRAM 000006
LCD_String_xy@pos                  cstackCOMRAM 000005
LCD_String_xy@row                  cstackCOMRAM 000008
PedirDato@Etiqueta                 cstackCOMRAM 00000A
PedirDato@i                        cstackCOMRAM 000011
PedirDato@tecla                    cstackCOMRAM 000010
PedirDato@vecLlenar                cstackCOMRAM 00000C
TemperaturaDigitada@Decena         cstackCOMRAM 00000E
TemperaturaDigitada@Resultado      cstackCOMRAM 00000C
TemperaturaDigitada@Unidad         cstackCOMRAM 00000A
TemperaturaDigitada@prmTemperatura cstackCOMRAM 000007
_ADCON1                            (abs)        000FC1
_CompararTempe                     text29       001436
_ControlAspersor                   text28       001A80
_ControlCalefactor                 text27       001A32
_DHT11_CheckResponse               text26       001C70
_DHT11_ReadData                    text25       00188E
_DHT11_Start                       text24       001D0C
_DatoSensorTH                      text23       001B92
_INTCON2bits                       (abs)        000FF1
_IniciarLed                        text30       0018EA
_LATA0                             (abs)        007C48
_LATB                              (abs)        000F8A
_LATC0                             (abs)        007C58
_LATC7                             (abs)        007C5F
_LATD                              (abs)        000F8C
_LATD0                             (abs)        007C60
_LATD1                             (abs)        007C61
_LATDbits                          (abs)        000F8C
_LATE0                             (abs)        007C68
_LATE1                             (abs)        007C69
_LATE2                             (abs)        007C6A
_LCD_Char                          text19       001992
_LCD_Clear                         text20       001C9C
_LCD_Command                       text22       0019E2
_LCD_Init                          text21       001C3C
_LCD_String                        text18       001830
_LCD_String_xy                     text17       001B52
_LedsIniciar                       text31       001D2C
_OSCCON                            (abs)        000FD3
_PORTAbits                         (abs)        000F80
_PORTB                             (abs)        000F81
_PORTD                             (abs)        000F83
_PORTDbits                         (abs)        000F83
_PedirDato                         text15       0016DA
_RBPU                              (abs)        007F8F
_TRISAbits                         (abs)        000F92
_TRISB                             (abs)        000F93
_TRISC                             (abs)        000F94
_TRISD                             (abs)        000F95
_TRISE                             (abs)        000F96
_TemperaturaDigitada               text13       001758
__HRAM                             (abs)        000000
__Habs1                            abs1         000000
__Hbank0                           bank0        000000
__Hbank1                           bank1        000000
__Hbank2                           bank2        000000
__Hbank3                           bank3        000000
__Hbank4                           bank4        000000
__Hbank5                           bank5        000000
__Hbank6                           bank6        000000
__Hbank7                           bank7        000000
__Hbigbss                          bigbss       000000
__Hbigdata                         bigdata      000000
__Hbigram                          bigram       000000
__Hbigsfr                          bigsfr       000000
__Hbss                             bss          000000
__HbssBANK0                        bssBANK0     000000
__Hcinit                           cinit        000000
__Hclrtext                         clrtext      000000
__Hcomram                          comram       000000
__Hconfig                          config       30000E
__Hconst                           const        000000
__HcstackBANK0                     cstackBANK0  000000
__HcstackCOMRAM                    cstackCOMRAM 000000
__Hdata                            data         000000
__HdataBANK0                       dataBANK0    000000
__Heeprom_data                     eeprom_data  000000
__Hfarbss                          farbss       000000
__Hfardata                         fardata      000000
__Hheap                            heap         000000
__Hibigdata                        ibigdata     000000
__Hidata                           idata        000000
__HidataBANK0                      idataBANK0   000000
__Hidloc                           idloc        200008
__Hifardata                        ifardata     000000
__Hinit                            init         000004
__Hintcode                         intcode      000000
__Hintcode_body                    intcode_body 000000
__Hintcodelo                       intcodelo    000000
__Hintentry                        intentry     000000
__Hintret                          intret       000000
__Hintsave_regs                    intsave_regs 000000
__Hirdata                          irdata       000000
__Hmediumconst                     mediumconst  000000
__HnvFARRAM                        nvFARRAM     000000
__Hnvbit                           nvbit        000000
__Hnvrram                          nvrram       000000
__Hparam                           rparam       000000
__Hpowerup                         powerup      000000
__Hram                             ram          000000
__Hramtop                          ramtop       000800
__Hrbit                            rbit         000000
__Hrbss                            rbss         000000
__Hrdata                           rdata        000000
__Hreset_vec                       reset_vec    000000
__Hrparam                          rparam       000000
__Hsfr                             sfr          000000
__Hsmallconst                      smallconst   00083C
__Hspace_0                         (abs)        001D36
__Hspace_1                         (abs)        0000CF
__Hspace_2                         (abs)        000000
__Hspace_4                         (abs)        60000E
__Hstack                           stack        000000
__Hstruct                          struct       000000
__Htemp                            temp         000000
__Htext                            text         000000
__Htext0                           text0        000000
__Htext1                           text1        000000
__Htext10                          text10       000000
__Htext11                          text11       000000
__Htext12                          text12       000000
__Htext13                          text13       000000
__Htext14                          text14       000000
__Htext15                          text15       000000
__Htext16                          text16       000000
__Htext17                          text17       000000
__Htext18                          text18       000000
__Htext19                          text19       000000
__Htext2                           text2        000000
__Htext20                          text20       000000
__Htext21                          text21       000000
__Htext22                          text22       000000
__Htext23                          text23       000000
__Htext24                          text24       000000
__Htext25                          text25       000000
__Htext26                          text26       000000
__Htext27                          text27       000000
__Htext28                          text28       000000
__Htext29                          text29       000000
__Htext3                           text3        000000
__Htext30                          text30       000000
__Htext31                          text31       000000
__Htext4                           text4        000000
__Htext5                           text5        000000
__Htext6                           text6        000000
__Htext7                           text7        000000
__Htext8                           text8        000000
__Htext9                           text9        000000
__LRAM                             (abs)        000001
__Labs1                            abs1         000000
__Lbank0                           bank0        000000
__Lbank1                           bank1        000000
__Lbank2                           bank2        000000
__Lbank3                           bank3        000000
__Lbank4                           bank4        000000
__Lbank5                           bank5        000000
__Lbank6                           bank6        000000
__Lbank7                           bank7        000000
__Lbigbss                          bigbss       000000
__Lbigdata                         bigdata      000000
__Lbigram                          bigram       000000
__Lbigsfr                          bigsfr       000000
__Lbss                             bss          000000
__LbssBANK0                        bssBANK0     000000
__Lcinit                           cinit        000000
__Lclrtext                         clrtext      000000
__Lcomram                          comram       000000
__Lconfig                          config       000000
__Lconst                           const        000000
__LcstackBANK0                     cstackBANK0  000000
__LcstackCOMRAM                    cstackCOMRAM 000000
__Ldata                            data         000000
__LdataBANK0                       dataBANK0    000000
__Leeprom_data                     eeprom_data  000000
__Lfarbss                          farbss       000000
__Lfardata                         fardata      000000
__Lheap                            heap         000000
__Libigdata                        ibigdata     000000
__Lidata                           idata        000000
__LidataBANK0                      idataBANK0   000000
__Lidloc                           idloc        000000
__Lifardata                        ifardata     000000
__Linit                            init         000000
__Lintcode                         intcode      000000
__Lintcode_body                    intcode_body 000000
__Lintcodelo                       intcodelo    000000
__Lintentry                        intentry     000000
__Lintret                          intret       000000
__Lintsave_regs                    intsave_regs 000000
__Lirdata                          irdata       000000
__Lmediumconst                     mediumconst  000000
__LnvFARRAM                        nvFARRAM     000000
__Lnvbit                           nvbit        000000
__Lnvrram                          nvrram       000000
__Lparam                           rparam       000000
__Lpowerup                         powerup      000000
__Lram                             ram          000000
__Lramtop                          ramtop       000800
__Lrbit                            rbit         000000
__Lrbss                            rbss         000000
__Lrdata                           rdata        000000
__Lreset_vec                       reset_vec    000000
__Lrparam                          rparam       000000
__Lsfr                             sfr          000000
__Lsmallconst                      smallconst   000800
__Lspace_0                         (abs)        000000
__Lspace_1                         (abs)        000000
__Lspace_2                         (abs)        000000
__Lspace_4                         (abs)        000000
__Lstack                           stack        000000
__Lstruct                          struct       000000
__Ltemp                            temp         000000
__Ltext                            text         000000
__Ltext0                           text0        000000
__Ltext1                           text1        000000
__Ltext10                          text10       000000
__Ltext11                          text11       000000
__Ltext12                          text12       000000
__Ltext13                          text13       000000
__Ltext14                          text14       000000
__Ltext15                          text15       000000
__Ltext16                          text16       000000
__Ltext17                          text17       000000
__Ltext18                          text18       000000
__Ltext19                          text19       000000
__Ltext2                           text2        000000
__Ltext20                          text20       000000
__Ltext21                          text21       000000
__Ltext22                          text22       000000
__Ltext23                          text23       000000
__Ltext24                          text24       000000
__Ltext25                          text25       000000
__Ltext26                          text26       000000
__Ltext27                          text27       000000
__Ltext28                          text28       000000
__Ltext29                          text29       000000
__Ltext3                           text3        000000
__Ltext30                          text30       000000
__Ltext31                          text31       000000
__Ltext4                           text4        000000
__Ltext5                           text5        000000
__Ltext6                           text6        000000
__Ltext7                           text7        000000
__Ltext8                           text8        000000
__Ltext9                           text9        000000
__S0                               (abs)        001D36
__S1                               (abs)        0000CF
__S4                               (abs)        000000
__S5                               (abs)        000000
___aodiv                           text12       00114A
___aodiv@counter                   cstackCOMRAM 000011
___aodiv@dividend                  cstackCOMRAM 000001
___aodiv@divisor                   cstackCOMRAM 000009
___aodiv@quotient                  cstackCOMRAM 000013
___aodiv@sign                      cstackCOMRAM 000012
___aomod                           text11       0012D2
___aomod@counter                   cstackCOMRAM 000011
___aomod@dividend                  cstackCOMRAM 000001
___aomod@divisor                   cstackCOMRAM 000009
___aomod@sign                      cstackCOMRAM 000012
___heap_hi                         (abs)        000000
___heap_lo                         (abs)        000000
___inthi_sp                        stack        000000
___intlo_sp                        stack        000000
___param_bank                      (abs)        000000
___rparam_used                     (abs)        000001
___sp                              stack        000000
___wmul                            text14       001CC6
___wmul@multiplicand               cstackCOMRAM 000003
___wmul@multiplier                 cstackCOMRAM 000001
___wmul@product                    cstackCOMRAM 000005
__accesstop                        (abs)        000060
__activetblptr                     (abs)        000002
__end_of_CompararTempe             text29       00154A
__end_of_ControlAspersor           text28       001ACE
__end_of_ControlCalefactor         text27       001A80
__end_of_DHT11_CheckResponse       text26       001C9C
__end_of_DHT11_ReadData            text25       0018EA
__end_of_DHT11_Start               text24       001D2C
__end_of_DatoSensorTH              text23       001BD0
__end_of_IniciarLed                text30       001940
__end_of_LCD_Char                  text19       0019E2
__end_of_LCD_Clear                 text20       001CC6
__end_of_LCD_Command               text22       001A32
__end_of_LCD_Init                  text21       001C70
__end_of_LCD_String                text18       00188E
__end_of_LCD_String_xy             text17       001B92
__end_of_LedsIniciar               text31       001D34
__end_of_PedirDato                 text15       001758
__end_of_TemperaturaDigitada       text13       0017CE
__end_of___aodiv                   text12       0012D2
__end_of___aomod                   text11       001436
__end_of___wmul                    text14       001CEC
__end_of__initialization           cinit        001BFC
__end_of_abs                       text10       001B52
__end_of_dtoa                      text4        000B1E
__end_of_fputc                     text8        001614
__end_of_fputs                     text7        001B12
__end_of_keyfind                   text16       000F96
__end_of_main                      text0        000D66
__end_of_pad                       text5        0016DA
__end_of_putch                     text9        001D36
__end_of_sprintf                   text1        001992
__end_of_strlen                    text6        001C3C
__end_of_vfpfcnvrt                 text3        00114A
__end_of_vfprintf                  text2        001830
__initialization                   cinit        001BD0
__mediumconst                      mediumconst  000000
__pbssBANK0                        bssBANK0     000060
__pcinit                           cinit        001BD0
__pcstackBANK0                     cstackBANK0  00008B
__pcstackCOMRAM                    cstackCOMRAM 000001
__pdataBANK0                       dataBANK0    0000AF
__pidataBANK0                      idataBANK0   001CEC
__psmallconst                      smallconst   000800
__ptext0                           text0        000B1E
__ptext1                           text1        001940
__ptext10                          text10       001B12
__ptext11                          text11       0012D2
__ptext12                          text12       00114A
__ptext13                          text13       001758
__ptext14                          text14       001CC6
__ptext15                          text15       0016DA
__ptext16                          text16       000D66
__ptext17                          text17       001B52
__ptext18                          text18       001830
__ptext19                          text19       001992
__ptext2                           text2        0017CE
__ptext20                          text20       001C9C
__ptext21                          text21       001C3C
__ptext22                          text22       0019E2
__ptext23                          text23       001B92
__ptext24                          text24       001D0C
__ptext25                          text25       00188E
__ptext26                          text26       001C70
__ptext27                          text27       001A32
__ptext28                          text28       001A80
__ptext29                          text29       001436
__ptext3                           text3        000F96
__ptext30                          text30       0018EA
__ptext31                          text31       001D2C
__ptext4                           text4        00083C
__ptext5                           text5        001614
__ptext6                           text6        001C06
__ptext7                           text7        001ACE
__ptext8                           text8        00154A
__ptext9                           text9        001D34
__ramtop                           ramtop       000800
__smallconst                       smallconst   000800
_abs                               text10       001B12
_col_loc                           bssBANK0     00006A
_dbuf                              bssBANK0     00006B
_dtoa                              text4        00083C
_dtoa$1000                         cstackCOMRAM 00002E
_flags                             bssBANK0     000066
_fputc                             text8        00154A
_fputs                             text7        001ACE
_keyfind                           text16       000D66
_keypad                            dataBANK0    0000AF
_main                              text0        000B1E
_nout                              bssBANK0     000060
_pad                               text5        001614
_prec                              bssBANK0     000064
_putch                             text9        001D34
_rowloc                            bssBANK0     000069
_sprintf                           text1        001940
_strlen                            text6        001C06
_temp_col                          bssBANK0     000068
_vfpfcnvrt                         text3        000F96
_vfprintf                          text2        0017CE
_width                             bssBANK0     000062
abs@a                              cstackCOMRAM 000013
dtoa@d                             cstackCOMRAM 00001E
dtoa@fp                            cstackCOMRAM 00001C
dtoa@i                             cstackCOMRAM 00003E
dtoa@n                             cstackCOMRAM 000036
dtoa@p                             cstackCOMRAM 000030
dtoa@s                             cstackCOMRAM 000034
dtoa@w                             cstackCOMRAM 000032
end_of_initialization              cinit        001BFC
fputc@c                            cstackCOMRAM 000001
fputc@fp                           cstackCOMRAM 000003
fputs@c                            cstackCOMRAM 00000E
fputs@fp                           cstackCOMRAM 00000C
fputs@i                            cstackCOMRAM 00000F
fputs@s                            cstackCOMRAM 00000A
intlevel0                          text         000000
intlevel1                          text         000000
intlevel2                          text         000000
intlevel3                          text         000000
isa$std                            (abs)        000001
isa$xinst                          (abs)        000000
keypad_getkey@F3177                dataBANK0    0000BF
main@Cadena                        cstackBANK0  000098
main@Datos                         cstackBANK0  0000AD
main@Hume                          cstackBANK0  0000A4
main@HumeAdecuada                  cstackBANK0  0000AA
main@Tempe                         cstackBANK0  0000A2
main@TempeAdecuada                 cstackBANK0  0000A8
main@bandera                       cstackBANK0  0000AC
main@indice                        cstackBANK0  0000A6
pad@buf                            cstackCOMRAM 000013
pad@fp                             cstackCOMRAM 000011
pad@i                              cstackCOMRAM 000018
pad@p                              cstackCOMRAM 000015
pad@w                              cstackCOMRAM 00001A
sprintf@ap                         cstackBANK0  00008B
sprintf@f                          cstackBANK0  00008D
sprintf@fmt                        cstackCOMRAM 00005A
sprintf@s                          cstackCOMRAM 000058
stackhi                            (abs)        000000
stacklo                            (abs)        000000
start                              init         000000
start_initialization               cinit        001BD0
strlen@a                           cstackCOMRAM 000003
strlen@s                           cstackCOMRAM 000001
vfpfcnvrt@ap                       cstackCOMRAM 000044
vfpfcnvrt@fmt                      cstackCOMRAM 000042
vfpfcnvrt@fp                       cstackCOMRAM 000040
vfpfcnvrt@ll                       cstackCOMRAM 000048
vfprintf@ap                        cstackCOMRAM 000054
vfprintf@cfmt                      cstackCOMRAM 000056
vfprintf@fmt                       cstackCOMRAM 000052
vfprintf@fp                        cstackCOMRAM 000050


MODULE INFORMATION

Module		Function		Class		Link	Load	Size
G:\Program Files\Microchip\xc8\v2.36\pic\sources\c99\common\strlen.c
		_strlen        		CODE           	1C06	0000	54

G:\Program Files\Microchip\xc8\v2.36\pic\sources\c99\common\strlen.c estimated size: 54

keypad.c
		_keyfind       		CODE           	0D66	0000	560

keypad.c estimated size: 560

G:\Program Files\Microchip\xc8\v2.36\pic\sources\c99\common\aodiv.c
		___aodiv       		CODE           	114A	0000	392

G:\Program Files\Microchip\xc8\v2.36\pic\sources\c99\common\aodiv.c estimated size: 392

G:\Program Files\Microchip\xc8\v2.36\pic\sources\c99\common\nf_fputs.c
		_fputs         		CODE           	1ACE	0000	68

G:\Program Files\Microchip\xc8\v2.36\pic\sources\c99\common\nf_fputs.c estimated size: 68

G:\Program Files\Microchip\xc8\v2.36\pic\sources\c99\common\doprnt.c
		_vfpfcnvrt     		CODE           	0F96	0000	436
		_pad           		CODE           	1614	0000	198
		_dtoa          		CODE           	083C	0000	738
		_vfprintf      		CODE           	17CE	0000	98

G:\Program Files\Microchip\xc8\v2.36\pic\sources\c99\common\doprnt.c estimated size: 1470

DHT11.c
		_DHT11_Start   		CODE           	1D0C	0000	32
		_DHT11_CheckResponse		CODE           	1C70	0000	44
		_DHT11_ReadData		CODE           	188E	0000	92

DHT11.c estimated size: 168

G:\Program Files\Microchip\xc8\v2.36\pic\sources\c99\common\Umul16.c
		___wmul        		CODE           	1CC6	0000	38

G:\Program Files\Microchip\xc8\v2.36\pic\sources\c99\common\Umul16.c estimated size: 38

G:\Program Files\Microchip\xc8\v2.36\pic\sources\c99\common\nf_sprintf.c
		_sprintf       		CODE           	1940	0000	82

G:\Program Files\Microchip\xc8\v2.36\pic\sources\c99\common\nf_sprintf.c estimated size: 82

shared
		__initialization		CODE           	1BD0	0000	44

shared estimated size: 44

Main_Invernadero.c
		_IniciarLed    		CODE           	18EA	0000	86
		_PedirDato     		CODE           	16DA	0000	126
		_DatoSensorTH  		CODE           	1B92	0000	62
		_CompararTempe 		CODE           	1436	0000	276
		_main          		CODE           	0B1E	0000	584
		_TemperaturaDigitada		CODE           	1758	0000	118
		_ControlCalefactor		CODE           	1A32	0000	78
		_ControlAspersor		CODE           	1A80	0000	78
		_LedsIniciar   		CODE           	1D2C	0000	8

Main_Invernadero.c estimated size: 1416

G:\Program Files\Microchip\xc8\v2.36\pic\sources\c99\common\putch.c
		_putch         		CODE           	1D34	0000	2

G:\Program Files\Microchip\xc8\v2.36\pic\sources\c99\common\putch.c estimated size: 2

G:\Program Files\Microchip\xc8\v2.36\pic\sources\c99\common\nf_fputc.c
		_fputc         		CODE           	154A	0000	202

G:\Program Files\Microchip\xc8\v2.36\pic\sources\c99\common\nf_fputc.c estimated size: 202

G:\Program Files\Microchip\xc8\v2.36\pic\sources\c99\common\abs.c
		_abs           		CODE           	1B12	0000	64

G:\Program Files\Microchip\xc8\v2.36\pic\sources\c99\common\abs.c estimated size: 64

G:\Program Files\Microchip\xc8\v2.36\pic\sources\c99\common\aomod.c
		___aomod       		CODE           	12D2	0000	356

G:\Program Files\Microchip\xc8\v2.36\pic\sources\c99\common\aomod.c estimated size: 356

LCD.c
		_LCD_String    		CODE           	1830	0000	94
		_LCD_Init      		CODE           	1C3C	0000	52
		_LCD_Command   		CODE           	19E2	0000	80
		_LCD_String_xy 		CODE           	1B52	0000	64
		_LCD_Char      		CODE           	1992	0000	80
		_LCD_Clear     		CODE           	1C9C	0000	42

LCD.c estimated size: 412

